// Jest Snapshot v1, https://goo.gl/fbAQLP

exports[`checkbox should render without problems 1`] = `
<label
  className="checkbox checkbox_size_m checkbox_theme_alfa-on-white"
  onBlur={[Function]}
  onFocus={[Function]}
  onMouseDown={[Function]}
  onMouseEnter={[Function]}
  onMouseLeave={[Function]}
  onMouseUp={[Function]}
>
  <span
    className="checkbox__box"
    key="box"
  >
    <input
      autoComplete="off"
      checked={false}
      className="checkbox__control"
      onChange={[Function]}
      onClick={[Function]}
      type="checkbox"
    />
    <IconTick
      className="checkbox__icon"
      size="xs"
      theme="alfa-on-color"
    />
  </span>
</label>
`;
